.venv\Scripts\python.exe : opencc not installed,繁简转换功能将不可用
所在位置 行:1 字符: 1
+ .venv\Scripts\python.exe verify_full_workflow.py > test_output.txt 2> ...
+ ~~~~~~~~~~~~~~~~~~~~~~~~~~~~~~~~~~~~~~~~~~~~~~~~~~~~~~~~~~~~~~~~~~~~~
    + CategoryInfo          : NotSpecified: (opencc not installed,繁简转换功能将不可用:String) [], RemoteEx 
   ception
    + FullyQualifiedErrorId : NativeCommandError
 
Searching artist: 宿羽阳 across all sources
创建新的默认Session
HTTP Request: POST https://api.tencentmusic.com/tme/trpc/proxy "HTTP/1.1 200 OK"
Netease search_artist: found 1 results for '宿羽阳'
HTTP Request: POST https://u.y.qq.com/cgi-bin/musicu.fcg "HTTP/2 200 OK"
QQMusic search_artist: found 1 results for '宿羽阳'
Found 2 total results before deduplication
Returning 1 results after deduplication
==================================================
      Music Monitor Full Workflow Verification    
==================================================

[PART 1: Search & Filter - 宿羽阳]
Traceback (most recent call last):
  File "D:\code\music-monitor\verify_full_workflow.py", line 161, in <module>
    asyncio.run(run_full_verification())
    ~~~~~~~~~~~^^^^^^^^^^^^^^^^^^^^^^^^^
  File "C:\Users\leo89\AppData\Local\Programs\Python\Python313\Lib\asyncio\runners.py", line 195, 
in run
    return runner.run(main)
           ~~~~~~~~~~^^^^^^
  File "C:\Users\leo89\AppData\Local\Programs\Python\Python313\Lib\asyncio\runners.py", line 118, 
in run
    return self._loop.run_until_complete(task)
           ~~~~~~~~~~~~~~~~~~~~~~~~~~~~~^^^^^^
  File "C:\Users\leo89\AppData\Local\Programs\Python\Python313\Lib\asyncio\base_events.py", line 7
25, in run_until_complete
    return future.result()
           ~~~~~~~~~~~~~^^
  File "D:\code\music-monitor\verify_full_workflow.py", line 44, in run_full_verification
    print(f"\u2705 Found Artist: {best_artist.name} (Sources: {list(best_artist.extra_ids.keys())}
)")
    ~~~~~^^^^^^^^^^^^^^^^^^^^^^^^^^^^^^^^^^^^^^^^^^^^^^^^^^^^^^^^^^^^^^^^^^^^^^^^^^^^^^^^^^^^^^^^
UnicodeEncodeError: 'gbk' codec can't encode character '\u2705' in position 0: illegal multibyte s
equence
