python : INFO:app.services.library:Redownload requested fo
r song 1 from qqmusic:001
所在位置 行:1 字符: 1
+ python tests/verify_redownload.py > tests/test_output.tx
t 2>&1
+ ~~~~~~~~~~~~~~~~~~~~~~~~~~~~~~~~~~~~~~~~~~~~~~~~~~~~~~~~
~~~~~~
    + CategoryInfo          : NotSpecified: (INFO:app.ser 
   vic...rom qqmusic:001:String) [], RemoteException
    + FullyQualifiedErrorId : NativeCommandError
 
--- Starting Redownload Logic Test ---
Created dummy old file: tests/old_file.mp3
Traceback (most recent call last):
  File "D:\code\music-monitor\tests\verify_redownload.py",
 line 117, in <module>
    asyncio.run(test_redownload())
    ~~~~~~~~~~~^^^^^^^^^^^^^^^^^^^
  File "C:\Users\leo89\AppData\Local\Programs\Python\Pytho
n313\Lib\asyncio\runners.py", line 195, in run
    return runner.run(main)
           ~~~~~~~~~~^^^^^^
  File "C:\Users\leo89\AppData\Local\Programs\Python\Pytho
n313\Lib\asyncio\runners.py", line 118, in run
    return self._loop.run_until_complete(task)
           ~~~~~~~~~~~~~~~~~~~~~~~~~~~~~^^^^^^
  File "C:\Users\leo89\AppData\Local\Programs\Python\Pytho
n313\Lib\asyncio\base_events.py", line 725, in run_until_c
omplete
    return future.result()
           ~~~~~~~~~~~~~^^
  File "D:\code\music-monitor\tests\verify_redownload.py",
 line 73, in test_redownload
    success = await service.redownload_song(
              ^^^^^^^^^^^^^^^^^^^^^^^^^^^^^^
    ...<5 lines>...
    )
    ^
  File "D:\code\music-monitor\app\services\library.py", li
ne 856, in redownload_song
    filepath = os.path.join(download_service.cache_dir, fi
lename)
               ^^
UnboundLocalError: cannot access local variable 'os' where
 it is not associated with a value
